Godot Engine v4.7.2.stable.official.ed1daf0bf - https://godotengine.org

[   0% ] first_scan_filesystem | Started Project initialization (5 steps)
[   0% ] first_scan_filesystem | Scanning file structure...
[  16% ] first_scan_filesystem | Loading global class names...
[  33% ] first_scan_filesystem | Verifying GDExtensions...
[  50% ] first_scan_filesystem | Creating autoload scripts...
[  66% ] first_scan_filesystem | Initializing plugins...
[  83% ] first_scan_filesystem | Starting file scan...
[ DONE ] first_scan_filesystem

[   0% ] update_scripts_classes | Started Registering global classes... (2 steps)
[   0% ] update_scripts_classes | 
[  33% ] update_scripts_classes | WorldBlobShadow
[ DONE ] update_scripts_classes

[   0% ] _update_scan_actions | Started Scanning actions... (37 steps)
[   0% ] _update_scan_actions | Alphabet_Numbers.png
[   2% ] _update_scan_actions | crab_small_01.png
[   5% ] _update_scan_actions | creature_green_01.png
[   7% ] _update_scan_actions | creature_red_01.png
[  10% ] _update_scan_actions | fisher_captain_01.png
[  13% ] _update_scan_actions | merchant_heavy_01.png
[  15% ] _update_scan_actions | placeholder_3cb9da3b.png
[  18% ] _update_scan_actions | placeholder_4b58ab5e.png
[  21% ] _update_scan_actions | placeholder_6d89ee8e.png
[  23% ] _update_scan_actions | placeholder_7d53dc6e.png
[  26% ] _update_scan_actions | placeholder_7f1b19bc.png
[  28% ] _update_scan_actions | placeholder_8c3ae570.png
[  31% ] _update_scan_actions | placeholder_9d2e2d78.png
[  34% ] _update_scan_actions | placeholder_14bf342a.png
[  36% ] _update_scan_actions | placeholder_21f7b2b2.png
[  39% ] _update_scan_actions | placeholder_43fb177f.png
[  42% ] _update_scan_actions | placeholder_78f1768c.png
[  44% ] _update_scan_actions | placeholder_85f413fb.png
[  47% ] _update_scan_actions | placeholder_837b6a03.png
[  50% ] _update_scan_actions | placeholder_8483df78.png
[  52% ] _update_scan_actions | placeholder_68024840.png
[  55% ] _update_scan_actions | placeholder_c3997e38.png
[  57% ] _update_scan_actions | placeholder_cac2bbc2.png
[  60% ] _update_scan_actions | placeholder_d7c2eeb9.png
[  63% ] _update_scan_actions | placeholder_d1282736.png
[  65% ] _update_scan_actions | placeholder_e8e1ac56.png
[  68% ] _update_scan_actions | placeholder_e1466c4f.png
[  71% ] _update_scan_actions | placeholder_e5085f21.png
[  73% ] _update_scan_actions | placeholder_ea87e795.png
[  76% ] _update_scan_actions | placeholder_f8644d09.png
[  78% ] _update_scan_actions | placeholder_f3876069.png
[  81% ] _update_scan_actions | placeholder_faacbedb.png
[  84% ] _update_scan_actions | placeholder_ff1c0303.png
[  86% ] _update_scan_actions | placeholder_ff6dba97_blue.png
[  89% ] _update_scan_actions | placeholder_ff6dba97_orange.png
[  92% ] _update_scan_actions | seated_crafter_01.png
[  94% ] _update_scan_actions | smoking_traveler_01.png
[ DONE ] _update_scan_actions

[   0% ] reimport | Started (Re)Importing Assets (36 steps)
[   0% ] reimport | Preparing files to reimport...
[   2% ] reimport | Preparing files to reimport...
[   5% ] reimport | Preparing files to reimport...
[   8% ] reimport | Preparing files to reimport...
[  10% ] reimport | Preparing files to reimport...
[  13% ] reimport | Preparing files to reimport...
[  16% ] reimport | Preparing files to reimport...
[  18% ] reimport | Preparing files to reimport...
[  21% ] reimport | Preparing files to reimport...
[  24% ] reimport | Preparing files to reimport...
[  27% ] reimport | Preparing files to reimport...
[  29% ] reimport | Preparing files to reimport...
[  32% ] reimport | Preparing files to reimport...
[  35% ] reimport | Preparing files to reimport...
[  37% ] reimport | Preparing files to reimport...
[  40% ] reimport | Preparing files to reimport...
[  43% ] reimport | Preparing files to reimport...
[  45% ] reimport | Preparing files to reimport...
[  48% ] reimport | Preparing files to reimport...
[  51% ] reimport | Preparing files to reimport...
[  54% ] reimport | Preparing files to reimport...
[  56% ] reimport | Preparing files to reimport...
[  59% ] reimport | Preparing files to reimport...
[  62% ] reimport | Preparing files to reimport...
[  64% ] reimport | Preparing files to reimport...
[  67% ] reimport | Preparing files to reimport...
[  70% ] reimport | Preparing files to reimport...
[  72% ] reimport | Preparing files to reimport...
[  75% ] reimport | Preparing files to reimport...
[  78% ] reimport | Preparing files to reimport...
[  81% ] reimport | Preparing files to reimport...
[  83% ] reimport | Preparing files to reimport...
[  86% ] reimport | Preparing files to reimport...
[  89% ] reimport | Preparing files to reimport...
[  91% ] reimport | Preparing files to reimport...
[  94% ] reimport | Preparing files to reimport...
[   0% ] reimport | Executing pre-reimport operations...
[   0% ] reimport | placeholder_8483df78.png
[   2% ] reimport | placeholder_68024840.png
[   5% ] reimport | placeholder_c3997e38.png
[   8% ] reimport | placeholder_cac2bbc2.png
[  10% ] reimport | placeholder_d7c2eeb9.png
[  13% ] reimport | placeholder_d1282736.png
[  16% ] reimport | placeholder_e8e1ac56.png
[  18% ] reimport | placeholder_e1466c4f.png
[  21% ] reimport | placeholder_e5085f21.png
[  24% ] reimport | placeholder_ea87e795.png
[  27% ] reimport | placeholder_f8644d09.png
[  29% ] reimport | placeholder_f3876069.png
[  32% ] reimport | placeholder_faacbedb.png
[  35% ] reimport | placeholder_ff1c0303.png
[  37% ] reimport | placeholder_ff6dba97_blue.png
[  40% ] reimport | placeholder_ff6dba97_orange.png
[  43% ] reimport | seated_crafter_01.png
[  45% ] reimport | smoking_traveler_01.png
[  48% ] reimport | crab_small_01.png
[  51% ] reimport | creature_green_01.png
[  54% ] reimport | creature_red_01.png
[  56% ] reimport | fisher_captain_01.png
[  59% ] reimport | merchant_heavy_01.png
[  62% ] reimport | placeholder_3cb9da3b.png
[  64% ] reimport | placeholder_4b58ab5e.png
[  67% ] reimport | placeholder_6d89ee8e.png
[  70% ] reimport | placeholder_7d53dc6e.png
[  72% ] reimport | placeholder_7f1b19bc.png
[  75% ] reimport | placeholder_8c3ae570.png
[  78% ] reimport | placeholder_9d2e2d78.png
[  81% ] reimport | placeholder_14bf342a.png
[  83% ] reimport | placeholder_21f7b2b2.png
[  86% ] reimport | placeholder_43fb177f.png
[  89% ] reimport | placeholder_78f1768c.png
[  91% ] reimport | placeholder_85f413fb.png
[  94% ] reimport | placeholder_837b6a03.png
[  97% ] reimport | Finalizing Asset Import...
[ DONE ] reimport

[   0% ] reimport | Started (Re)Importing Assets (36 steps)
[   0% ] reimport | Executing post-reimport operations...
[ DONE ] reimport

[   0% ] loading_editor_layout | Started Loading editor (5 steps)
[   0% ] loading_editor_layout | Loading editor layout...
[  16% ] loading_editor_layout | Loading docks...
[  33% ] loading_editor_layout | Reopening scenes...
[  50% ] loading_editor_layout | Loading central editor layout...
[  66% ] loading_editor_layout | Loading plugin window layout...
[  83% ] loading_editor_layout | Editor layout ready.
[ DONE ] loading_editor_layout

