Godot Engine v4.7.2.stable.official.ed1daf0bf - https://godotengine.org

[   0% ] first_scan_filesystem | Started Project initialization (5 steps)
[   0% ] first_scan_filesystem | Scanning file structure...
[  16% ] first_scan_filesystem | Loading global class names...
[  33% ] first_scan_filesystem | Verifying GDExtensions...
[  50% ] first_scan_filesystem | Creating autoload scripts...
[  66% ] first_scan_filesystem | Initializing plugins...
[  83% ] first_scan_filesystem | Starting file scan...
[ DONE ] first_scan_filesystem

[   0% ] update_scripts_classes | Started Registering global classes... (4 steps)
[   0% ] update_scripts_classes | 
[  20% ] update_scripts_classes | GroundPresentation
[  40% ] update_scripts_classes | 
[  60% ] update_scripts_classes | WorldActorPresentationProfile
[ DONE ] update_scripts_classes

[   0% ] _update_scan_actions | Started Scanning actions... (30 steps)
[   0% ] _update_scan_actions | Alphabet_Numbers.png
[   3% ] _update_scan_actions | placeholder_3cb9da3b.png
[   6% ] _update_scan_actions | placeholder_4b58ab5e.png
[   9% ] _update_scan_actions | placeholder_6d89ee8e.png
[  12% ] _update_scan_actions | placeholder_7d53dc6e.png
[  16% ] _update_scan_actions | placeholder_7f1b19bc.png
[  19% ] _update_scan_actions | placeholder_8c3ae570.png
[  22% ] _update_scan_actions | placeholder_9d2e2d78.png
[  25% ] _update_scan_actions | placeholder_14bf342a.png
[  29% ] _update_scan_actions | placeholder_21f7b2b2.png
[  32% ] _update_scan_actions | placeholder_43fb177f.png
[  35% ] _update_scan_actions | placeholder_78f1768c.png
[  38% ] _update_scan_actions | placeholder_85f413fb.png
[  41% ] _update_scan_actions | placeholder_837b6a03.png
[  45% ] _update_scan_actions | placeholder_8483df78.png
[  48% ] _update_scan_actions | placeholder_68024840.png
[  51% ] _update_scan_actions | placeholder_c3997e38.png
[  54% ] _update_scan_actions | placeholder_cac2bbc2.png
[  58% ] _update_scan_actions | placeholder_d7c2eeb9.png
[  61% ] _update_scan_actions | placeholder_d1282736.png
[  64% ] _update_scan_actions | placeholder_e8e1ac56.png
[  67% ] _update_scan_actions | placeholder_e1466c4f.png
[  70% ] _update_scan_actions | placeholder_e5085f21.png
[  74% ] _update_scan_actions | placeholder_ea87e795.png
[  77% ] _update_scan_actions | placeholder_f8644d09.png
[  80% ] _update_scan_actions | placeholder_f3876069.png
[  83% ] _update_scan_actions | placeholder_faacbedb.png
[  87% ] _update_scan_actions | placeholder_ff1c0303.png
[  90% ] _update_scan_actions | placeholder_ff6dba97_blue.png
[  93% ] _update_scan_actions | placeholder_ff6dba97_orange.png
[ DONE ] _update_scan_actions

[   0% ] reimport | Started (Re)Importing Assets (29 steps)
[   0% ] reimport | Preparing files to reimport...
[   3% ] reimport | Preparing files to reimport...
[   6% ] reimport | Preparing files to reimport...
[  10% ] reimport | Preparing files to reimport...
[  13% ] reimport | Preparing files to reimport...
[  16% ] reimport | Preparing files to reimport...
[  20% ] reimport | Preparing files to reimport...
[  23% ] reimport | Preparing files to reimport...
[  26% ] reimport | Preparing files to reimport...
[  30% ] reimport | Preparing files to reimport...
[  33% ] reimport | Preparing files to reimport...
[  36% ] reimport | Preparing files to reimport...
[  40% ] reimport | Preparing files to reimport...
[  43% ] reimport | Preparing files to reimport...
[  46% ] reimport | Preparing files to reimport...
[  50% ] reimport | Preparing files to reimport...
[  53% ] reimport | Preparing files to reimport...
[  56% ] reimport | Preparing files to reimport...
[  60% ] reimport | Preparing files to reimport...
[  63% ] reimport | Preparing files to reimport...
[  66% ] reimport | Preparing files to reimport...
[  70% ] reimport | Preparing files to reimport...
[  73% ] reimport | Preparing files to reimport...
[  76% ] reimport | Preparing files to reimport...
[  80% ] reimport | Preparing files to reimport...
[  83% ] reimport | Preparing files to reimport...
[  86% ] reimport | Preparing files to reimport...
[  90% ] reimport | Preparing files to reimport...
[  93% ] reimport | Preparing files to reimport...
[   0% ] reimport | Executing pre-reimport operations...
[   0% ] reimport | placeholder_ff6dba97_orange.png
[   3% ] reimport | placeholder_ff6dba97_blue.png
[   6% ] reimport | placeholder_ff1c0303.png
[  10% ] reimport | placeholder_faacbedb.png
[  13% ] reimport | placeholder_f3876069.png
[  16% ] reimport | placeholder_f8644d09.png
[  20% ] reimport | placeholder_ea87e795.png
[  23% ] reimport | placeholder_e5085f21.png
[  26% ] reimport | placeholder_e1466c4f.png
[  30% ] reimport | placeholder_e8e1ac56.png
[  33% ] reimport | placeholder_d1282736.png
[  36% ] reimport | placeholder_d7c2eeb9.png
[  40% ] reimport | placeholder_cac2bbc2.png
[  43% ] reimport | placeholder_c3997e38.png
[  46% ] reimport | placeholder_68024840.png
[  50% ] reimport | placeholder_8483df78.png
[  53% ] reimport | placeholder_837b6a03.png
[  56% ] reimport | placeholder_85f413fb.png
[  60% ] reimport | placeholder_78f1768c.png
[  63% ] reimport | placeholder_43fb177f.png
[  66% ] reimport | placeholder_21f7b2b2.png
[  70% ] reimport | placeholder_14bf342a.png
[  73% ] reimport | placeholder_9d2e2d78.png
[  76% ] reimport | placeholder_8c3ae570.png
[  80% ] reimport | placeholder_7f1b19bc.png
[  83% ] reimport | placeholder_7d53dc6e.png
[  86% ] reimport | placeholder_6d89ee8e.png
[  90% ] reimport | placeholder_4b58ab5e.png
[  93% ] reimport | placeholder_3cb9da3b.png
[  96% ] reimport | Finalizing Asset Import...
[ DONE ] reimport

[   0% ] reimport | Started (Re)Importing Assets (29 steps)
[   0% ] reimport | Executing post-reimport operations...
[ DONE ] reimport

[   0% ] loading_editor_layout | Started Loading editor (5 steps)
[   0% ] loading_editor_layout | Loading editor layout...
[  16% ] loading_editor_layout | Loading docks...
[  33% ] loading_editor_layout | Reopening scenes...
[  50% ] loading_editor_layout | Loading central editor layout...
[  66% ] loading_editor_layout | Loading plugin window layout...
[  83% ] loading_editor_layout | Editor layout ready.
[ DONE ] loading_editor_layout

